[new.axilthemes.com/demo/template/etrade/index-3.html]
[backblue.gif]
[fade.gif]
[index.html]
[new.axilthemes.com/demo/template/etrade/assets/images/favicon.png]
[new.axilthemes.com/demo/template/etrade/assets/css/vendor/bootstrap.min.css]
[new.axilthemes.com/demo/template/etrade/assets/css/vendor/font-awesome.css]
[new.axilthemes.com/demo/template/etrade/assets/css/vendor/jquery-ui.min.css]
[new.axilthemes.com/demo/template/etrade/index.html]
[new.axilthemes.com/demo/template/etrade/assets/images/logo/logo.png]
[new.axilthemes.com/demo/template/etrade/assets/css/style.min.css]
[new.axilthemes.com/demo/template/etrade/assets/images/logo/logo-light.png]
[new.axilthemes.com/demo/template/etrade/assets/images/product/categories/cat-01.png]
[new.axilthemes.com/demo/template/etrade/shop.html]
[new.axilthemes.com/demo/template/etrade/shop-sidebar.html]
[new.axilthemes.com/demo/template/etrade/assets/images/product/product-feature1.png]
[new.axilthemes.com/demo/template/etrade/assets/images/product/product-feature2.png]
[new.axilthemes.com/demo/template/etrade/assets/images/product/product-feature3.png]
[new.axilthemes.com/demo/template/etrade/assets/images/product/product-feature4.png]
[new.axilthemes.com/demo/template/etrade/assets/images/product/categories/cat-02.png]
[new.axilthemes.com/demo/template/etrade/assets/images/product/categories/cat-03.png]
[new.axilthemes.com/demo/template/etrade/assets/images/product/categories/cat-04.png]
[new.axilthemes.com/demo/template/etrade/assets/images/product/categories/cat-05.png]
[new.axilthemes.com/demo/template/etrade/assets/images/product/categories/cat-06.png]
[new.axilthemes.com/demo/template/etrade/assets/images/product/categories/cat-07.png]
[new.axilthemes.com/demo/template/etrade/assets/images/product/categories/cat-08.png]
[new.axilthemes.com/demo/template/etrade/index-1.html]
[new.axilthemes.com/demo/template/etrade/index-2.html]
[new.axilthemes.com/demo/template/etrade/index-4.html]
[new.axilthemes.com/demo/template/etrade/index-5.html]
[new.axilthemes.com/demo/template/etrade/index-7.html]
[new.axilthemes.com/demo/template/etrade/single-product.html]
[new.axilthemes.com/demo/template/etrade/single-product-2.html]
[new.axilthemes.com/demo/template/etrade/single-product-3.html]
[new.axilthemes.com/demo/template/etrade/single-product-4.html]
[new.axilthemes.com/demo/template/etrade/single-product-5.html]
[new.axilthemes.com/demo/template/etrade/single-product-6.html]
[new.axilthemes.com/demo/template/etrade/single-product-7.html]
[new.axilthemes.com/demo/template/etrade/wishlist.html]
[new.axilthemes.com/demo/template/etrade/cart.html]
[new.axilthemes.com/demo/template/etrade/checkout.html]
[new.axilthemes.com/demo/template/etrade/my-account.html]
[new.axilthemes.com/demo/template/etrade/privacy-policy.html]
[new.axilthemes.com/demo/template/etrade/404.html]
[new.axilthemes.com/demo/template/etrade/typography.html]
[new.axilthemes.com/demo/template/etrade/about-us.html]
[new.axilthemes.com/demo/template/etrade/blog.html]
[new.axilthemes.com/demo/template/etrade/blog-grid.html]
[new.axilthemes.com/demo/template/etrade/blog-details.html]
[new.axilthemes.com/demo/template/etrade/blog-gallery.html]
[new.axilthemes.com/demo/template/etrade/blog-video.html]
[new.axilthemes.com/demo/template/etrade/blog-audio.html]
[new.axilthemes.com/demo/template/etrade/blog-quote.html]
[new.axilthemes.com/demo/template/etrade/contact.html]
[new.axilthemes.com/demo/template/etrade/assets/images/product/product-40.png]
[new.axilthemes.com/demo/template/etrade/assets/images/product/product-46.png]
[new.axilthemes.com/demo/template/etrade/assets/images/product/product-41.png]
[new.axilthemes.com/demo/template/etrade/assets/images/icons/service1.png]
[new.axilthemes.com/demo/template/etrade/assets/images/icons/service2.png]
[new.axilthemes.com/demo/template/etrade/assets/images/icons/service3.png]
[new.axilthemes.com/demo/template/etrade/assets/images/icons/service4.png]
[new.axilthemes.com/demo/template/etrade/assets/images/icons/service5.png]
[new.axilthemes.com/demo/template/etrade/assets/images/product/fashion/product-1.png]
[new.axilthemes.com/demo/template/etrade/assets/images/product/fashion/product-4.png]
[new.axilthemes.com/demo/template/etrade/assets/images/product/fashion/product-2.png]
[new.axilthemes.com/demo/template/etrade/assets/images/product/fashion/product-6.png]
[new.axilthemes.com/demo/template/etrade/assets/images/product/fashion/product-3.png]
[new.axilthemes.com/demo/template/etrade/assets/images/product/fashion/product-5.png]
[new.axilthemes.com/demo/template/etrade/assets/images/product/fashion/product-16.png]
[new.axilthemes.com/demo/template/etrade/assets/images/product/fashion/product-17.png]
[new.axilthemes.com/demo/template/etrade/assets/images/product/fashion/product-18.png]
[new.axilthemes.com/demo/template/etrade/assets/images/product/fashion/product-19.png]
[new.axilthemes.com/demo/template/etrade/assets/images/product/fashion/product-20.png]
[new.axilthemes.com/demo/template/etrade/assets/images/product/fashion/product-21.png]
[new.axilthemes.com/demo/template/etrade/assets/images/product/fashion/product-22.png]
[new.axilthemes.com/demo/template/etrade/assets/images/product/fashion/product-23.png]
[new.axilthemes.com/demo/template/etrade/assets/images/product/poster/poster-05.png]
[new.axilthemes.com/demo/template/etrade/assets/images/product/fashion/product-8.png]
[new.axilthemes.com/demo/template/etrade/assets/images/product/fashion/product-7.png]
[new.axilthemes.com/demo/template/etrade/assets/images/testimonial/image-1.png]
[new.axilthemes.com/demo/template/etrade/assets/images/testimonial/image-2.png]
[new.axilthemes.com/demo/template/etrade/assets/images/testimonial/image-3.png]
[new.axilthemes.com/demo/template/etrade/assets/images/product/fashion/product-14.png]
[new.axilthemes.com/demo/template/etrade/assets/images/product/fashion/product-15.png]
[new.axilthemes.com/demo/template/etrade/assets/images/product/fashion/product-10.png]
[new.axilthemes.com/demo/template/etrade/assets/images/product/fashion/product-11.png]
[new.axilthemes.com/demo/template/etrade/assets/images/product/fashion/product-12.png]
[new.axilthemes.com/demo/template/etrade/assets/images/product/fashion/product-13.png]
[new.axilthemes.com/demo/template/etrade/terms-of-service.html]
[new.axilthemes.com/demo/template/etrade/assets/images/others/qr.png]
[new.axilthemes.com/demo/template/etrade/assets/images/others/app-store.png]
[new.axilthemes.com/demo/template/etrade/assets/images/others/play-store.png]
[new.axilthemes.com/demo/template/etrade/assets/images/icons/cart/cart-1.png]
[new.axilthemes.com/demo/template/etrade/assets/images/icons/cart/cart-2.png]
[new.axilthemes.com/demo/template/etrade/assets/images/icons/cart/cart-5.png]
[new.axilthemes.com/demo/template/etrade/assets/images/product/product-big-01.png]
[new.axilthemes.com/demo/template/etrade/assets/images/product/product-big-02.png]
[new.axilthemes.com/demo/template/etrade/assets/images/product/product-big-03.png]
[new.axilthemes.com/demo/template/etrade/assets/images/product/product-thumb/thumb-08.png]
[new.axilthemes.com/demo/template/etrade/assets/images/product/product-thumb/thumb-07.png]
[new.axilthemes.com/demo/template/etrade/assets/images/product/product-thumb/thumb-09.png]
[new.axilthemes.com/demo/template/etrade/assets/images/icons/rate.png]
[new.axilthemes.com/demo/template/etrade/assets/images/product/electric/product-09.png]
[new.axilthemes.com/demo/template/etrade/assets/images/product/electric/product-01.png]
[new.axilthemes.com/demo/template/etrade/assets/images/product/electric/product-02.png]
[new.axilthemes.com/demo/template/etrade/assets/images/product/electric/product-03.png]
[new.axilthemes.com/demo/template/etrade/assets/js/vendor/modernizr.min.js]
[new.axilthemes.com/demo/template/etrade/assets/js/vendor/jquery.js]
[new.axilthemes.com/demo/template/etrade/assets/js/vendor/popper.min.js]
[new.axilthemes.com/demo/template/etrade/assets/js/vendor/bootstrap.min.js]
[new.axilthemes.com/demo/template/etrade/assets/js/vendor/slick.min.js]
[new.axilthemes.com/demo/template/etrade/assets/js/vendor/js.cookie.js]
[new.axilthemes.com/demo/template/etrade/assets/js/vendor/jquery-ui.min.js]
[new.axilthemes.com/demo/template/etrade/assets/js/vendor/jquery.ui.touch-punch.min.js]
[new.axilthemes.com/demo/template/etrade/assets/js/vendor/jquery.countdown.min.js]
[new.axilthemes.com/demo/template/etrade/assets/js/vendor/sal.js]
[new.axilthemes.com/demo/template/etrade/assets/js/vendor/jquery.magnific-popup.min.js]
[new.axilthemes.com/demo/template/etrade/assets/js/vendor/imagesloaded.pkgd.min.js]
[new.axilthemes.com/demo/template/etrade/assets/js/vendor/isotope.pkgd.min.js]
[new.axilthemes.com/demo/template/etrade/assets/js/vendor/counterup.js]
[new.axilthemes.com/demo/template/etrade/assets/js/vendor/waypoints.min.js]
[new.axilthemes.com/demo/template/etrade/index-3.html]
[new.axilthemes.com/demo/template/etrade/assets/css/vendor/bootstrap.min.css]
[new.axilthemes.com/demo/template/etrade/assets/js/main.js]
[new.axilthemes.com/demo/template/etrade/assets/fonts/fa-brands-400.eot]
[new.axilthemes.com/demo/template/etrade/assets/fonts/fa-brands-400d41d.eot]
[new.axilthemes.com/demo/template/etrade/assets/fonts/fa-brands-400.woff2]
[new.axilthemes.com/demo/template/etrade/assets/fonts/fa-brands-400.woff]
[new.axilthemes.com/demo/template/etrade/assets/fonts/fa-brands-400.ttf]
[new.axilthemes.com/demo/template/etrade/assets/fonts/fa-duotone-900.eot]
[new.axilthemes.com/demo/template/etrade/assets/fonts/fa-duotone-900d41d.eot]
[new.axilthemes.com/demo/template/etrade/assets/fonts/fa-duotone-900.woff2]
[new.axilthemes.com/demo/template/etrade/assets/fonts/fa-duotone-900.woff]
[new.axilthemes.com/demo/template/etrade/assets/fonts/fa-duotone-900.ttf]
[new.axilthemes.com/demo/template/etrade/assets/fonts/fa-light-300.eot]
[new.axilthemes.com/demo/template/etrade/assets/fonts/fa-light-300d41d.eot]
[new.axilthemes.com/demo/template/etrade/assets/fonts/fa-light-300.woff2]
[new.axilthemes.com/demo/template/etrade/assets/fonts/fa-light-300.woff]
[new.axilthemes.com/demo/template/etrade/assets/fonts/fa-light-300.ttf]
[new.axilthemes.com/demo/template/etrade/assets/fonts/fa-regular-400.eot]
[new.axilthemes.com/demo/template/etrade/assets/fonts/fa-regular-400d41d.eot]
[new.axilthemes.com/demo/template/etrade/assets/fonts/fa-regular-400.woff2]
[new.axilthemes.com/demo/template/etrade/assets/fonts/fa-regular-400.woff]
[new.axilthemes.com/demo/template/etrade/assets/fonts/fa-regular-400.ttf]
[new.axilthemes.com/demo/template/etrade/assets/fonts/fa-solid-900.eot]
[new.axilthemes.com/demo/template/etrade/assets/fonts/fa-solid-900d41d.eot]
[new.axilthemes.com/demo/template/etrade/assets/fonts/fa-solid-900.woff2]
[new.axilthemes.com/demo/template/etrade/assets/fonts/fa-solid-900.woff]
[new.axilthemes.com/demo/template/etrade/assets/fonts/fa-solid-900.ttf]
[new.axilthemes.com/demo/template/etrade/assets/css/vendor/font-awesome.css]
[new.axilthemes.com/demo/template/etrade/assets/css/vendor/flaticon/flaticon2916.ttf]
[new.axilthemes.com/demo/template/etrade/assets/css/vendor/flaticon/flaticon2916.woff]
[new.axilthemes.com/demo/template/etrade/assets/css/vendor/flaticon/flaticon2916.woff2]
[new.axilthemes.com/demo/template/etrade/assets/css/vendor/flaticon/flaticon2916.eot]
[new.axilthemes.com/demo/template/etrade/assets/css/vendor/flaticon/flaticon.css]
[new.axilthemes.com/demo/template/etrade/assets/css/vendor/slick.css]
[new.axilthemes.com/demo/template/etrade/assets/images/ajax-loader.gif]
[new.axilthemes.com/demo/template/etrade/assets/fonts/slick.eot]
[new.axilthemes.com/demo/template/etrade/assets/fonts/slickd41d.eot]
[new.axilthemes.com/demo/template/etrade/assets/fonts/slick.woff]
[new.axilthemes.com/demo/template/etrade/assets/fonts/slick.ttf]
[new.axilthemes.com/demo/template/etrade/assets/css/vendor/slick-theme.css]
[new.axilthemes.com/demo/template/etrade/assets/css/vendor/jquery-ui.min.css]
[new.axilthemes.com/demo/template/etrade/assets/css/vendor/sal.css]
[new.axilthemes.com/demo/template/etrade/assets/css/vendor/magnific-popup.css]
[new.axilthemes.com/demo/template/etrade/assets/css/vendor/base.css]
[new.axilthemes.com/demo/template/etrade/assets/images/bg/bg-image-1.jpg]
[new.axilthemes.com/demo/template/etrade/assets/images/bg/bg-image-2.jpg]
[new.axilthemes.com/demo/template/etrade/assets/images/bg/bg-image-3.jpg]
[new.axilthemes.com/demo/template/etrade/assets/images/bg/bg-image-4.jpg]
[new.axilthemes.com/demo/template/etrade/assets/images/bg/bg-image-5.jpg]
[new.axilthemes.com/demo/template/etrade/assets/images/bg/bg-image-6.jpg]
[new.axilthemes.com/demo/template/etrade/assets/images/bg/bg-image-7.jpg]
[new.axilthemes.com/demo/template/etrade/assets/images/bg/bg-image-8.jpg]
[new.axilthemes.com/demo/template/etrade/assets/images/bg/bg-image-9.jpg]
[new.axilthemes.com/demo/template/etrade/assets/images/bg/bg-image-10.jpg]
[new.axilthemes.com/demo/template/etrade/assets/images/bg/bg-image-11.jpg]
[new.axilthemes.com/demo/template/etrade/assets/images/bg/bg-image-12.jpg]
[new.axilthemes.com/demo/template/etrade/assets/images/bg/bg-image-13.jpg]
[new.axilthemes.com/demo/template/etrade/assets/images/icons/arrow-icon.png]
[new.axilthemes.com/demo/template/etrade/assets/images/testimonial/quote-left.png]
[new.axilthemes.com/demo/template/etrade/assets/images/preview/banner-bg.png]
[new.axilthemes.com/demo/template/etrade/assets/images/others/campaign-bg2.png]
[new.axilthemes.com/demo/template/etrade/assets/images/others/campaign-bg.png]
[new.axilthemes.com/demo/template/etrade/assets/images/others/campaign-bg3.png]
[new.axilthemes.com/demo/template/etrade/assets/images/icons/arrow-icon2.png]
[new.axilthemes.com/demo/template/etrade/assets/images/send-mail.png]
[new.axilthemes.com/demo/template/etrade/assets/images/others/popup-bg.png]
[new.axilthemes.com/demo/template/etrade/assets/css/style.min.css]
[new.axilthemes.com/demo/template/etrade/assets/images/preview/html.png]
[new.axilthemes.com/demo/template/etrade/assets/images/preview/css.png]
[new.axilthemes.com/demo/template/etrade/assets/images/preview/scss.png]
[new.axilthemes.com/demo/template/etrade/assets/images/preview/jquery.png]
[new.axilthemes.com/demo/template/etrade/assets/images/preview/bs5.png]
[new.axilthemes.com/demo/template/etrade/assets/images/preview/banner-mockup.png]
[new.axilthemes.com/demo/template/etrade/assets/images/preview/home-07.png]
[new.axilthemes.com/demo/template/etrade/assets/images/preview/home-01.png]
[new.axilthemes.com/demo/template/etrade/assets/images/preview/home-02.png]
[new.axilthemes.com/demo/template/etrade/assets/images/preview/home-03.png]
[new.axilthemes.com/demo/template/etrade/assets/images/preview/home-04.png]
[new.axilthemes.com/demo/template/etrade/assets/images/preview/home-05.png]
[new.axilthemes.com/demo/template/etrade/assets/images/preview/home-06.png]
[new.axilthemes.com/demo/template/etrade/index-6.html]
[new.axilthemes.com/demo/template/etrade/assets/images/preview/comming-soon.png]
[new.axilthemes.com/demo/template/etrade/assets/images/preview/shop.png]
[new.axilthemes.com/demo/template/etrade/assets/images/preview/shop-sidebar.png]
[new.axilthemes.com/demo/template/etrade/assets/images/preview/variation-1.png]
[new.axilthemes.com/demo/template/etrade/assets/images/preview/variation-2.png]
[new.axilthemes.com/demo/template/etrade/assets/images/preview/variation-3.png]
[new.axilthemes.com/demo/template/etrade/assets/images/preview/variation-4.png]
[new.axilthemes.com/demo/template/etrade/assets/images/preview/variation-5.png]
[new.axilthemes.com/demo/template/etrade/assets/images/preview/variation-6.png]
[new.axilthemes.com/demo/template/etrade/assets/images/preview/variation-7.png]
[new.axilthemes.com/demo/template/etrade/assets/images/preview/feature-icon-01.png]
[new.axilthemes.com/demo/template/etrade/assets/images/preview/feature-icon-02.png]
[new.axilthemes.com/demo/template/etrade/assets/images/preview/feature-icon-09.png]
[new.axilthemes.com/demo/template/etrade/assets/images/preview/feature-icon-03.png]
[new.axilthemes.com/demo/template/etrade/assets/images/preview/feature-icon-04.png]
[new.axilthemes.com/demo/template/etrade/assets/images/preview/feature-icon-05.png]
[new.axilthemes.com/demo/template/etrade/assets/images/preview/cta-mockup.png]
[new.axilthemes.com/demo/template/etrade/index.html]
[new.axilthemes.com/demo/template/etrade/assets/images/product/product-45.png]
[new.axilthemes.com/demo/template/etrade/assets/images/product/electric/product-04.png]
[new.axilthemes.com/demo/template/etrade/assets/images/product/electric/product-05.png]
[new.axilthemes.com/demo/template/etrade/assets/images/product/electric/product-06.png]
[new.axilthemes.com/demo/template/etrade/assets/images/product/electric/product-07.png]
[new.axilthemes.com/demo/template/etrade/assets/images/product/electric/product-08.png]
[new.axilthemes.com/demo/template/etrade/assets/images/product/fashion/product-9.png]
[new.axilthemes.com/demo/template/etrade/shop.html]
[new.axilthemes.com/demo/template/etrade/shop-sidebar.html]
[new.axilthemes.com/demo/template/etrade/assets/images/others/author1.png]
[new.axilthemes.com/demo/template/etrade/assets/images/others/author2.png]
[new.axilthemes.com/demo/template/etrade/assets/images/others/author3.png]
[new.axilthemes.com/demo/template/etrade/assets/images/others/author4.png]
[new.axilthemes.com/demo/template/etrade/assets/images/product/product-38.png]
[new.axilthemes.com/demo/template/etrade/assets/images/product/product-39.png]
[new.axilthemes.com/demo/template/etrade/assets/images/others/shape-1.png]
[new.axilthemes.com/demo/template/etrade/assets/images/others/shape-2.png]
[new.axilthemes.com/demo/template/etrade/assets/images/product/categories/elec-4.png]
[new.axilthemes.com/demo/template/etrade/assets/images/product/categories/elec-5.png]
[new.axilthemes.com/demo/template/etrade/assets/images/product/categories/elec-11.png]
[new.axilthemes.com/demo/template/etrade/assets/images/product/categories/elec-6.png]
[new.axilthemes.com/demo/template/etrade/assets/images/product/categories/elec-2.png]
[new.axilthemes.com/demo/template/etrade/assets/images/product/categories/elec-7.png]
[new.axilthemes.com/demo/template/etrade/assets/images/product/categories/elec-8.png]
[new.axilthemes.com/demo/template/etrade/assets/images/product/categories/elec-1.png]
[new.axilthemes.com/demo/template/etrade/assets/images/product/categories/elec-9.png]
[new.axilthemes.com/demo/template/etrade/assets/images/product/categories/elec-10.png]
[new.axilthemes.com/demo/template/etrade/assets/images/product/poster/poster-03.png]
[new.axilthemes.com/demo/template/etrade/assets/images/product/electric/product-10.png]
[new.axilthemes.com/demo/template/etrade/assets/images/product/electric/product-11.png]
[new.axilthemes.com/demo/template/etrade/assets/images/product/electric/product-12.png]
[new.axilthemes.com/demo/template/etrade/assets/images/product/electric/product-13.png]
[new.axilthemes.com/demo/template/etrade/assets/images/product/electric/product-14.png]
[new.axilthemes.com/demo/template/etrade/assets/images/product/electric/product-15.png]
[new.axilthemes.com/demo/template/etrade/assets/images/product/electric/product-16.png]
[new.axilthemes.com/demo/template/etrade/assets/images/icons/service6.png]
[new.axilthemes.com/demo/template/etrade/assets/images/icons/service7.png]
[new.axilthemes.com/demo/template/etrade/assets/images/icons/service8.png]
[new.axilthemes.com/demo/template/etrade/assets/images/icons/service9.png]
[new.axilthemes.com/demo/template/etrade/assets/images/icons/service10.png]
[new.axilthemes.com/demo/template/etrade/assets/images/product/poster/poster-01.png]
[new.axilthemes.com/demo/template/etrade/assets/images/product/poster/poster-02.png]
[new.axilthemes.com/demo/template/etrade/index-1.html]
[new.axilthemes.com/demo/template/etrade/assets/images/product/nft/product-17.png]
[new.axilthemes.com/demo/template/etrade/assets/images/product/nft/product-16.png]
[new.axilthemes.com/demo/template/etrade/assets/images/product/nft/product-15.png]
[new.axilthemes.com/demo/template/etrade/assets/images/product/nft/product-1.png]
[new.axilthemes.com/demo/template/etrade/assets/images/product/categories/cat-09.png]
[new.axilthemes.com/demo/template/etrade/assets/images/product/categories/cat-10.png]
[new.axilthemes.com/demo/template/etrade/assets/images/product/categories/cat-11.png]
[new.axilthemes.com/demo/template/etrade/assets/images/product/categories/cat-12.png]
[new.axilthemes.com/demo/template/etrade/assets/images/product/categories/cat-13.png]
[new.axilthemes.com/demo/template/etrade/assets/images/product/categories/cat-15.png]
[new.axilthemes.com/demo/template/etrade/assets/images/product/categories/cat-14.png]
[new.axilthemes.com/demo/template/etrade/assets/images/product/nft/product-30.png]
[new.axilthemes.com/demo/template/etrade/assets/images/product/nft/product-31.png]
[new.axilthemes.com/demo/template/etrade/assets/images/product/nft/product-32.png]
[new.axilthemes.com/demo/template/etrade/assets/images/product/nft/product-29.png]
[new.axilthemes.com/demo/template/etrade/assets/images/product/nft/product-33.png]
[new.axilthemes.com/demo/template/etrade/assets/images/product/nft/product-2.png]
[new.axilthemes.com/demo/template/etrade/assets/images/product/nft/product-3.png]
[new.axilthemes.com/demo/template/etrade/assets/images/product/nft/product-4.png]
[new.axilthemes.com/demo/template/etrade/assets/images/product/nft/product-5.png]
[new.axilthemes.com/demo/template/etrade/assets/images/product/nft/product-6.png]
[new.axilthemes.com/demo/template/etrade/assets/images/product/nft/product-7.png]
[new.axilthemes.com/demo/template/etrade/assets/images/product/nft/product-8.png]
[new.axilthemes.com/demo/template/etrade/assets/images/product/nft/product-18.jpg]
[new.axilthemes.com/demo/template/etrade/assets/images/product/nft/product-22.jpg]
[new.axilthemes.com/demo/template/etrade/assets/images/product/nft/product-19.jpg]
[new.axilthemes.com/demo/template/etrade/assets/images/product/nft/product-23.jpg]
[new.axilthemes.com/demo/template/etrade/assets/images/product/nft/product-20.jpg]
[new.axilthemes.com/demo/template/etrade/assets/images/product/nft/product-24.jpg]
[new.axilthemes.com/demo/template/etrade/assets/images/product/nft/product-28.jpg]
[new.axilthemes.com/demo/template/etrade/assets/images/product/nft/product-25.jpg]
[new.axilthemes.com/demo/template/etrade/assets/images/product/nft/product-26.jpg]
[new.axilthemes.com/demo/template/etrade/assets/images/icons/choose.png]
[new.axilthemes.com/demo/template/etrade/assets/images/icons/protection.png]
[new.axilthemes.com/demo/template/etrade/assets/images/icons/purchasing.png]
[new.axilthemes.com/demo/template/etrade/assets/images/icons/dancing.png]
[new.axilthemes.com/demo/template/etrade/assets/images/blog/blog-10.png]
[new.axilthemes.com/demo/template/etrade/assets/images/blog/blog-11.png]
[new.axilthemes.com/demo/template/etrade/assets/images/blog/blog-12.png]
[new.axilthemes.com/demo/template/etrade/assets/images/icons/cart/cart-3.png]
[new.axilthemes.com/demo/template/etrade/assets/images/icons/cart/cart-6.png]
[new.axilthemes.com/demo/template/etrade/index-2.html]
[new.axilthemes.com/demo/template/etrade/assets/images/product/poster/poster-08.png]
[new.axilthemes.com/demo/template/etrade/assets/images/product/poster/poster-09.png]
[new.axilthemes.com/demo/template/etrade/assets/images/product/jewellery/product-1.png]
[new.axilthemes.com/demo/template/etrade/assets/images/product/jewellery/product-2.png]
[new.axilthemes.com/demo/template/etrade/assets/images/product/jewellery/product-3.png]
[new.axilthemes.com/demo/template/etrade/assets/images/product/jewellery/product-4.png]
[new.axilthemes.com/demo/template/etrade/assets/images/product/jewellery/product-5.png]
[new.axilthemes.com/demo/template/etrade/assets/images/product/jewellery/product-6.png]
[new.axilthemes.com/demo/template/etrade/assets/images/product/jewellery/product-7.png]
[new.axilthemes.com/demo/template/etrade/assets/images/product/jewellery/product-8.png]
[new.axilthemes.com/demo/template/etrade/assets/images/product/jewellery/product-9.png]
[new.axilthemes.com/demo/template/etrade/assets/images/product/jewellery/product-10.png]
[new.axilthemes.com/demo/template/etrade/assets/images/product/jewellery/product-11.png]
[new.axilthemes.com/demo/template/etrade/assets/images/product/jewellery/product-12.png]
[new.axilthemes.com/demo/template/etrade/assets/images/product/jewellery/product-13.png]
[new.axilthemes.com/demo/template/etrade/assets/images/product/jewellery/product-14.png]
[new.axilthemes.com/demo/template/etrade/assets/images/product/categories/jewelry-2.png]
[new.axilthemes.com/demo/template/etrade/assets/images/product/categories/jewelry-3.png]
[new.axilthemes.com/demo/template/etrade/assets/images/product/categories/jewelry-4.png]
[new.axilthemes.com/demo/template/etrade/assets/images/product/categories/jewelry-5.png]
[new.axilthemes.com/demo/template/etrade/assets/images/product/categories/jewelry-6.png]
[new.axilthemes.com/demo/template/etrade/assets/images/product/categories/jewelry-7.png]
[new.axilthemes.com/demo/template/etrade/assets/images/product/categories/jewelry-8.png]
[new.axilthemes.com/demo/template/etrade/assets/images/product/categories/jewelry-1.png]
[new.axilthemes.com/demo/template/etrade/assets/images/product/categories/jewelry-9.png]
[new.axilthemes.com/demo/template/etrade/assets/images/product/categories/jewelry-10.png]
[new.axilthemes.com/demo/template/etrade/assets/images/product/categories/jewelry-11.png]
[new.axilthemes.com/demo/template/etrade/assets/images/product/categories/jewelry-12.png]
[new.axilthemes.com/demo/template/etrade/assets/images/product/categories/jewelry-13.png]
[new.axilthemes.com/demo/template/etrade/assets/images/product/jewellery/product-15.png]
[new.axilthemes.com/demo/template/etrade/index-4.html]
[new.axilthemes.com/demo/template/etrade/assets/images/product/categories/furni-1.png]
[new.axilthemes.com/demo/template/etrade/assets/images/product/categories/furni-2.png]
[new.axilthemes.com/demo/template/etrade/assets/images/product/categories/furni-3.png]
[new.axilthemes.com/demo/template/etrade/assets/images/product/categories/furni-4.png]
[new.axilthemes.com/demo/template/etrade/assets/images/product/categories/furni-5.png]
[new.axilthemes.com/demo/template/etrade/assets/images/product/categories/furni-6.png]
[new.axilthemes.com/demo/template/etrade/assets/images/product/categories/furni-7.png]
[new.axilthemes.com/demo/template/etrade/assets/images/product/categories/furni-8.png]
[new.axilthemes.com/demo/template/etrade/assets/images/product/categories/furni-9.png]
[new.axilthemes.com/demo/template/etrade/assets/images/product/categories/furni-11.png]
[new.axilthemes.com/demo/template/etrade/assets/images/product/categories/furni-12.png]
[new.axilthemes.com/demo/template/etrade/assets/images/product/product-47.png]
[new.axilthemes.com/demo/template/etrade/assets/images/product/product-48.png]
[new.axilthemes.com/demo/template/etrade/assets/images/product/furniture/product-1.png]
[new.axilthemes.com/demo/template/etrade/assets/images/product/furniture/product-2.png]
[new.axilthemes.com/demo/template/etrade/assets/images/product/furniture/product-3.png]
[new.axilthemes.com/demo/template/etrade/assets/images/product/furniture/product-4.png]
[new.axilthemes.com/demo/template/etrade/assets/images/product/furniture/product-5.png]
[new.axilthemes.com/demo/template/etrade/assets/images/product/furniture/product-19.png]
[new.axilthemes.com/demo/template/etrade/assets/images/product/furniture/product-22.png]
[new.axilthemes.com/demo/template/etrade/assets/images/product/furniture/product-23.png]
[new.axilthemes.com/demo/template/etrade/assets/images/product/furniture/product-25.png]
[new.axilthemes.com/demo/template/etrade/assets/images/product/furniture/product-20.png]
[new.axilthemes.com/demo/template/etrade/assets/images/product/furniture/product-21.png]
[new.axilthemes.com/demo/template/etrade/assets/images/product/furniture/product-18.png]
[new.axilthemes.com/demo/template/etrade/assets/images/product/furniture/product-24.png]
[new.axilthemes.com/demo/template/etrade/assets/images/about/about-04.png]
[new.axilthemes.com/demo/template/etrade/assets/images/about/about-06.png]
[new.axilthemes.com/demo/template/etrade/assets/images/about/about-05.png]
[new.axilthemes.com/demo/template/etrade/assets/images/about/about-07.png]
[new.axilthemes.com/demo/template/etrade/assets/images/product/furniture/product-10.png]
[new.axilthemes.com/demo/template/etrade/assets/images/product/furniture/product-11.png]
[new.axilthemes.com/demo/template/etrade/assets/images/product/furniture/product-12.png]
[new.axilthemes.com/demo/template/etrade/assets/images/product/furniture/product-13.png]
[new.axilthemes.com/demo/template/etrade/assets/images/product/furniture/product-14.png]
[new.axilthemes.com/demo/template/etrade/assets/images/product/furniture/product-15.png]
[new.axilthemes.com/demo/template/etrade/assets/images/product/furniture/product-8.png]
[new.axilthemes.com/demo/template/etrade/assets/images/product/furniture/product-9.png]
[new.axilthemes.com/demo/template/etrade/assets/images/product/furniture/product-6.png]
[new.axilthemes.com/demo/template/etrade/assets/images/product/poster/poster-07.png]
[new.axilthemes.com/demo/template/etrade/assets/images/icons/cart/cart-4.png]
[new.axilthemes.com/demo/template/etrade/index-5.html]
[new.axilthemes.com/demo/template/etrade/contact-us.html]
[new.axilthemes.com/demo/template/etrade/assets/images/banner/women_sunglass.png]
[new.axilthemes.com/demo/template/etrade/single-product-8.html]
[new.axilthemes.com/demo/template/etrade/assets/images/product/categories/women.png]
[new.axilthemes.com/demo/template/etrade/assets/images/product/categories/men.png]
[new.axilthemes.com/demo/template/etrade/assets/images/product/categories/kid.png]
[new.axilthemes.com/demo/template/etrade/assets/images/product/categories/baby.png]
[new.axilthemes.com/demo/template/etrade/assets/images/product/categories/garden.png]
[new.axilthemes.com/demo/template/etrade/assets/images/product/categories/beauty.png]
[new.axilthemes.com/demo/template/etrade/assets/images/product/categories/toy.png]
[new.axilthemes.com/demo/template/etrade/assets/images/product/categories/phone.png]
[new.axilthemes.com/demo/template/etrade/assets/images/product/categories/pet.png]
[new.axilthemes.com/demo/template/etrade/assets/images/product/categories/cleaner.png]
[new.axilthemes.com/demo/template/etrade/assets/images/product/collection_5.jpg]
[new.axilthemes.com/demo/template/etrade/assets/images/product/collection_5.png]
[new.axilthemes.com/demo/template/etrade/assets/images/product/collection_6.png]
[new.axilthemes.com/demo/template/etrade/assets/images/product/collection_7.png]
[new.axilthemes.com/demo/template/etrade/assets/images/product/collection_8.png]
[new.axilthemes.com/demo/template/etrade/assets/images/product/fashion/product-26.png]
[new.axilthemes.com/demo/template/etrade/assets/images/product/fashion/product-27.png]
[new.axilthemes.com/demo/template/etrade/assets/images/product/fashion/product-28.png]
[new.axilthemes.com/demo/template/etrade/assets/images/product/fashion/product-29.png]
[new.axilthemes.com/demo/template/etrade/assets/images/product/fashion/product-30.png]
[new.axilthemes.com/demo/template/etrade/assets/images/product/fashion/product-31.png]
[new.axilthemes.com/demo/template/etrade/assets/images/product/fashion/product-32.png]
[new.axilthemes.com/demo/template/etrade/assets/images/product/fashion/product-33.png]
[new.axilthemes.com/demo/template/etrade/assets/images/testimonial/image-4.png]
[new.axilthemes.com/demo/template/etrade/assets/images/product/collection_1.jpg]
[new.axilthemes.com/demo/template/etrade/assets/images/product/collection_2.jpg]
[new.axilthemes.com/demo/template/etrade/assets/images/product/collection_3.jpg]
[new.axilthemes.com/demo/template/etrade/assets/images/product/collection_4.jpg]
[new.axilthemes.com/demo/template/etrade/assets/images/banner/sale_banner.png]
[new.axilthemes.com/demo/template/etrade/assets/images/product/fashion/product-34.png]
[new.axilthemes.com/demo/template/etrade/assets/images/product/fashion/product-35.png]
[new.axilthemes.com/demo/template/etrade/assets/images/product/fashion/product-36.png]
[new.axilthemes.com/demo/template/etrade/assets/images/product/fashion/product-37.png]
[new.axilthemes.com/demo/template/etrade/assets/images/banner/delivery_1.png]
[new.axilthemes.com/demo/template/etrade/assets/images/banner/delivery_2.png]
[new.axilthemes.com/demo/template/etrade/index-7.html]
[new.axilthemes.com/demo/template/etrade/assets/images/product/product-18.png]
[new.axilthemes.com/demo/template/etrade/assets/images/product/product-17.png]
[new.axilthemes.com/demo/template/etrade/assets/images/product/product-14.png]
[new.axilthemes.com/demo/template/etrade/assets/images/product/product-15.png]
[new.axilthemes.com/demo/template/etrade/assets/images/product/product-16.png]
[new.axilthemes.com/demo/template/etrade/assets/images/product/product-19.png]
[new.axilthemes.com/demo/template/etrade/assets/images/product/product-20.png]
[new.axilthemes.com/demo/template/etrade/assets/images/product/product-21.png]
[new.axilthemes.com/demo/template/etrade/assets/images/product/product-22.png]
[new.axilthemes.com/demo/template/etrade/assets/images/product/product-thumb/icon-3.png]
[new.axilthemes.com/demo/template/etrade/assets/images/product/product-thumb/icon-2.png]
[new.axilthemes.com/demo/template/etrade/assets/images/product/product-thumb/icon-1.png]
[new.axilthemes.com/demo/template/etrade/single-product.html]
[new.axilthemes.com/demo/template/etrade/assets/images/product/product-big-04.png]
[new.axilthemes.com/demo/template/etrade/assets/images/product/product-big-05.png]
[new.axilthemes.com/demo/template/etrade/assets/images/product/product-big-06.png]
[new.axilthemes.com/demo/template/etrade/assets/images/product/product-big-08.png]
[new.axilthemes.com/demo/template/etrade/assets/images/product/product-big-07.png]
[new.axilthemes.com/demo/template/etrade/assets/images/product/product-thumb/thumb-01.png]
[new.axilthemes.com/demo/template/etrade/assets/images/product/product-thumb/thumb-02.png]
[new.axilthemes.com/demo/template/etrade/assets/images/product/product-thumb/thumb-03.png]
[new.axilthemes.com/demo/template/etrade/assets/images/product/product-thumb/thumb-04.png]
[new.axilthemes.com/demo/template/etrade/assets/images/product/product-thumb/thumb-05.png]
[new.axilthemes.com/demo/template/etrade/single-product-2.html]
[new.axilthemes.com/demo/template/etrade/assets/images/blog/author-image-4.png]
[new.axilthemes.com/demo/template/etrade/assets/images/blog/author-image-5.png]
[new.axilthemes.com/demo/template/etrade/single-product-3.html]
[new.axilthemes.com/demo/template/etrade/assets/images/product/product-big-10.png]
[new.axilthemes.com/demo/template/etrade/assets/images/product/product-big-11.png]
[new.axilthemes.com/demo/template/etrade/assets/images/product/product-big-12.png]
[new.axilthemes.com/demo/template/etrade/assets/images/product/product-big-13.png]
[new.axilthemes.com/demo/template/etrade/assets/images/product/product-big-14.png]
[new.axilthemes.com/demo/template/etrade/assets/images/product/product-big-15.png]
[new.axilthemes.com/demo/template/etrade/assets/images/product/product-thumb/thumb-10.png]
[new.axilthemes.com/demo/template/etrade/assets/images/product/product-thumb/thumb-11.png]
[new.axilthemes.com/demo/template/etrade/assets/images/product/product-thumb/thumb-12.png]
[new.axilthemes.com/demo/template/etrade/assets/images/product/product-thumb/thumb-13.png]
[new.axilthemes.com/demo/template/etrade/assets/images/product/product-thumb/thumb-14.png]
[new.axilthemes.com/demo/template/etrade/assets/images/product/product-thumb/thumb-15.png]
[new.axilthemes.com/demo/template/etrade/single-product-4.html]
[new.axilthemes.com/demo/template/etrade/assets/images/product/furniture/product-7.png]
[new.axilthemes.com/demo/template/etrade/single-product-5.html]
[new.axilthemes.com/demo/template/etrade/single-product-6.html]
[new.axilthemes.com/demo/template/etrade/assets/images/product/nft/product-10.png]
[new.axilthemes.com/demo/template/etrade/single-product-7.html]
[new.axilthemes.com/demo/template/etrade/wishlist.html]
[new.axilthemes.com/demo/template/etrade/cart.html]
[new.axilthemes.com/demo/template/etrade/assets/images/others/payment.png]
[new.axilthemes.com/demo/template/etrade/checkout.html]
[new.axilthemes.com/demo/template/etrade/assets/images/product/author1.png]
[new.axilthemes.com/demo/template/etrade/my-account.html]
[new.axilthemes.com/demo/template/etrade/sign-up.html]
[new.axilthemes.com/demo/template/etrade/sign-in.html]
[new.axilthemes.com/demo/template/etrade/forgot-password.html]
[new.axilthemes.com/demo/template/etrade/reset-password.html]
[new.axilthemes.com/demo/template/etrade/privacy-policy.html]
[new.axilthemes.com/demo/template/etrade/assets/images/logo/logo-large.png]
[new.axilthemes.com/demo/template/etrade/coming-soon.html]
[new.axilthemes.com/demo/template/etrade/assets/images/others/404.png]
[new.axilthemes.com/demo/template/etrade/404.html]
[new.axilthemes.com/demo/template/etrade/typography.html]
[new.axilthemes.com/demo/template/etrade/assets/images/about/about-01.png]
[new.axilthemes.com/demo/template/etrade/assets/images/about/shape-01.png]
[new.axilthemes.com/demo/template/etrade/assets/images/about/shape-02.png]
[new.axilthemes.com/demo/template/etrade/assets/images/about/shape-03.png]
[new.axilthemes.com/demo/template/etrade/assets/images/team/team-01.png]
[new.axilthemes.com/demo/template/etrade/assets/images/team/team-02.png]
[new.axilthemes.com/demo/template/etrade/assets/images/team/team-03.png]
[new.axilthemes.com/demo/template/etrade/assets/images/team/team-04.png]
[new.axilthemes.com/demo/template/etrade/assets/images/about/about-02.png]
[new.axilthemes.com/demo/template/etrade/assets/images/about/about-03.png]
[new.axilthemes.com/demo/template/etrade/about-us.html]
[new.axilthemes.com/demo/template/etrade/assets/images/blog/author-image-2.png]
[new.axilthemes.com/demo/template/etrade/assets/images/blog/blog-01.png]
[new.axilthemes.com/demo/template/etrade/assets/images/blog/author-image-1.png]
[new.axilthemes.com/demo/template/etrade/assets/images/blog/blog-02.png]
[new.axilthemes.com/demo/template/etrade/assets/images/blog/blog-03.png]
[new.axilthemes.com/demo/template/etrade/assets/images/blog/author-image-3.png]
[new.axilthemes.com/demo/template/etrade/assets/images/blog/blog-04.png]
[new.axilthemes.com/demo/template/etrade/assets/images/blog/blog-05.png]
[new.axilthemes.com/demo/template/etrade/assets/images/blog/blog-06.png]
[new.axilthemes.com/demo/template/etrade/assets/images/product/product-12.jpg]
[new.axilthemes.com/demo/template/etrade/assets/images/product/product-10.jpg]
[new.axilthemes.com/demo/template/etrade/assets/images/product/product-11.jpg]
[new.axilthemes.com/demo/template/etrade/blog.html]
[new.axilthemes.com/demo/template/etrade/blog-grid.html]
[new.axilthemes.com/demo/template/etrade/assets/images/blog/blog-single.jpg]
[new.axilthemes.com/demo/template/etrade/assets/images/blog/blog-07.png]
[new.axilthemes.com/demo/template/etrade/assets/images/blog/blog-08.png]
[new.axilthemes.com/demo/template/etrade/assets/images/blog/blog-09.png]
[new.axilthemes.com/demo/template/etrade/blog-details.html]
[new.axilthemes.com/demo/template/etrade/assets/images/blog/blog-single-2.jpg]
[new.axilthemes.com/demo/template/etrade/assets/images/blog/blog-single-3.jpg]
[new.axilthemes.com/demo/template/etrade/blog-gallery.html]
[new.axilthemes.com/demo/template/etrade/assets/images/blog/blog-single-5.jpg]
[new.axilthemes.com/demo/template/etrade/blog-video.html]
[new.axilthemes.com/demo/template/etrade/assets/images/blog/blog-single-4.jpg]
[new.axilthemes.com/demo/template/etrade/assets/images/axil_file_example.mp3]
[new.axilthemes.com/demo/template/etrade/blog-audio.html]
[new.axilthemes.com/demo/template/etrade/blog-quote.html]
[new.axilthemes.com/demo/template/etrade/contact.html]
[new.axilthemes.com/demo/template/etrade/terms-of-service.html]
[new.axilthemes.com/demo/template/etrade/assets/fonts/fa-brands-400.svg]
[new.axilthemes.com/demo/template/etrade/assets/fonts/fa-duotone-900.svg]
[new.axilthemes.com/demo/template/etrade/assets/fonts/fa-light-300.svg]
[new.axilthemes.com/demo/template/etrade/assets/fonts/fa-regular-400.svg]
[new.axilthemes.com/demo/template/etrade/assets/fonts/fa-solid-900.svg]
[new.axilthemes.com/demo/template/etrade/assets/css/vendor/flaticon/flaticon2916.svg]
[new.axilthemes.com/demo/template/etrade/assets/fonts/slick.svg]
[new.axilthemes.com/demo/template/etrade/assets/css/vendor/images/ui-bg_inset-hard_100_fcfdfd_1x100.html]
[new.axilthemes.com/demo/template/etrade/assets/css/vendor/images/ui-bg_gloss-wave_55_5c9ccc_500x100.html]
[new.axilthemes.com/demo/template/etrade/assets/css/vendor/images/ui-bg_glass_85_dfeffc_1x400.html]
[new.axilthemes.com/demo/template/etrade/assets/css/vendor/images/ui-bg_glass_75_d0e5f5_1x400.html]
[new.axilthemes.com/demo/template/etrade/assets/css/vendor/images/ui-bg_inset-hard_100_f5f8f9_1x100.html]
[new.axilthemes.com/demo/template/etrade/assets/css/vendor/images/ui-bg_glass_95_fef1ec_1x400.html]
[new.axilthemes.com/demo/template/etrade/assets/css/vendor/images/ui-icons_469bdd_256x240.html]
[new.axilthemes.com/demo/template/etrade/assets/css/vendor/images/ui-icons_d8e7f3_256x240.html]
[new.axilthemes.com/demo/template/etrade/assets/css/vendor/images/ui-icons_217bc0_256x240.html]
[new.axilthemes.com/demo/template/etrade/assets/css/vendor/images/ui-icons_f9bd01_256x240.html]
[new.axilthemes.com/demo/template/etrade/assets/css/vendor/images/ui-icons_2e83ff_256x240.html]
[new.axilthemes.com/demo/template/etrade/assets/css/vendor/images/ui-icons_cd0a0a_256x240.html]
[new.axilthemes.com/demo/template/etrade/assets/css/vendor/images/ui-icons_6da8d5_256x240.html]
[new.axilthemes.com/demo/template/etrade/assets/images/bg/bg-image-14.html]
[new.axilthemes.com/demo/template/etrade/assets/images/bg/bg-image-15.html]
[new.axilthemes.com/demo/template/etrade/assets/images/bg/bg-image-16.html]
[new.axilthemes.com/demo/template/etrade/assets/images/bg/bg-image-17.html]
[new.axilthemes.com/demo/template/etrade/assets/images/bg/bg-image-18.html]
[new.axilthemes.com/demo/template/etrade/assets/images/bg/bg-image-19.html]
[new.axilthemes.com/demo/template/etrade/assets/images/bg/bg-image-20.html]
[new.axilthemes.com/demo/template/etrade/assets/images/product/product-9.png]
[new.axilthemes.com/demo/template/etrade/assets/images/product/product-8.png]
[new.axilthemes.com/demo/template/etrade/assets/images/product/product-7.png]
[new.axilthemes.com/demo/template/etrade/assets/images/product/fashion/product-25.png]
[new.axilthemes.com/demo/template/etrade/assets/images/product/fashion/product-24.png]
[new.axilthemes.com/demo/template/etrade/index-6.html]
[new.axilthemes.com/demo/template/etrade/contact-us.html]
[new.axilthemes.com/demo/template/etrade/assets/images/product/product-big-16.png]
[new.axilthemes.com/demo/template/etrade/assets/images/product/product-thumb/thumb-16.png]
[new.axilthemes.com/demo/template/etrade/assets/images/product/product-thumb/thumb-17.png]
[new.axilthemes.com/demo/template/etrade/assets/images/product/product-thumb/thumb-18.png]
[new.axilthemes.com/demo/template/etrade/assets/images/product/product-thumb/thumb-19.png]
[new.axilthemes.com/demo/template/etrade/assets/images/product/product-thumb/thumb-20.png]
[new.axilthemes.com/demo/template/etrade/single-product-8.html]
